        ### Backbone.act: relu ###     
        ### Backbone.act: relu ###     
     --- Use Gateway@True ---
     --- Use Share Bbox Head@False ---
     --- Use Share Score Head@False ---
     --- Wide Layer@1 ---
Using the new matching cost with iou_order_alpha = 4.0 at epoch 136
/root/ROAD-DEIMv2/engine/core/workspace.py:177: FutureWarning: `torch.cuda.amp.GradScaler(args...)` is deprecated. Please use `torch.amp.GradScaler('cuda', args...)` instead.
  return module(**module_kwargs)
building val_dataloader with batch_size=64...
     ### Transform @Resize ###    
     ### Transform @ConvertPILImage ###    
Resume checkpoint from outputs/formal_deimv2_n_japan4_b0_160e_seed42_20260810/best_stg1.pth
/root/ROAD-DEIMv2/engine/solver/_solver.py:159: FutureWarning: You are using `torch.load` with `weights_only=False` (the current default value), which uses the default pickle module implicitly. It is possible to construct malicious pickle data which will execute arbitrary code during unpickling (See https://github.com/pytorch/pytorch/blob/main/SECURITY.md#untrusted-models for more details). In a future release, the default value for `weights_only` will be flipped to `True`. This limits the functions that could be executed during unpickling. Arbitrary objects will no longer be allowed to be loaded via this mode unless they are explicitly allowlisted by the user via `torch.serialization.add_safe_globals`. We recommend you start setting `weights_only=True` for any use case where you don't have full control of the loaded file. Please open an issue on GitHub for any issues related to this experimental feature.
  state = torch.load(path, map_location='cpu')
Load last_epoch
Load model.state_dict
Load criterion.state_dict
Load postprocessor.state_dict
Load ema.state_dict
Load scaler.state_dict
building val_dataloader with batch_size=4...
     ### Transform @Resize ###    
     ### Transform @ConvertPILImage ###    
/opt/conda/lib/python3.11/site-packages/torch/autograd/graph.py:825: UserWarning: grid_sampler_2d_backward_cuda does not have a deterministic implementation, but you set 'torch.use_deterministic_algorithms(True, warn_only=True)'. You can file an issue at https://github.com/pytorch/pytorch/issues to help us prioritize adding deterministic support for this operation. (Triggered internally at ../aten/src/ATen/Context.cpp:91.)
  return Variable._execution_engine.run_backward(  # Calls into the C++ engine to run the backward pass
D6 batch 1/64: actual=-0.0342 pure=-0.0384
D6 batch 2/64: actual=-0.0821 pure=-0.0773
D6 batch 3/64: actual=-0.0527 pure=-0.0645
D6 batch 4/64: actual=-0.1025 pure=-0.1128
D6 batch 5/64: actual=-0.1009 pure=-0.1199
D6 batch 6/64: actual=-0.1108 pure=-0.1113
D6 batch 7/64: actual=-0.0297 pure=-0.0536
D6 batch 8/64: actual=-0.1252 pure=-0.1407
D6 batch 9/64: actual=-0.0794 pure=-0.0856
D6 batch 10/64: actual=-0.1139 pure=-0.1291
D6 batch 11/64: actual=-0.1323 pure=-0.1446
D6 batch 12/64: actual=-0.0790 pure=-0.0942
D6 batch 13/64: actual=-0.1095 pure=-0.1122
D6 batch 14/64: actual=-0.0659 pure=-0.0694
D6 batch 15/64: actual=-0.0362 pure=-0.0454
D6 batch 16/64: actual=-0.0670 pure=-0.0812
D6 batch 17/64: actual=-0.0836 pure=-0.0908
D6 batch 18/64: actual=-0.0763 pure=-0.0838
D6 batch 19/64: actual=-0.0980 pure=-0.0988
D6 batch 20/64: actual=-0.1101 pure=-0.1186
D6 batch 21/64: actual=-0.0965 pure=-0.0987
D6 batch 22/64: actual=-0.1002 pure=-0.1133
D6 batch 23/64: actual=0.0059 pure=-0.0001
D6 batch 24/64: actual=-0.0770 pure=-0.0826
D6 batch 25/64: actual=-0.0333 pure=-0.0491
D6 batch 26/64: actual=-0.1120 pure=-0.1225
D6 batch 27/64: actual=-0.0830 pure=-0.0874
D6 batch 28/64: actual=-0.0746 pure=-0.0879
D6 batch 29/64: actual=-0.1460 pure=-0.1541
D6 batch 30/64: actual=-0.0903 pure=-0.1008
D6 batch 31/64: actual=-0.0552 pure=-0.0640
D6 batch 32/64: actual=-0.0854 pure=-0.0952
D6 batch 33/64: actual=-0.0466 pure=-0.0531
D6 batch 34/64: actual=-0.0365 pure=-0.0449
D6 batch 35/64: actual=-0.0164 pure=-0.0350
D6 batch 36/64: actual=-0.0246 pure=-0.0450
D6 batch 37/64: actual=-0.1002 pure=-0.1227
D6 batch 38/64: actual=-0.0556 pure=-0.0705
D6 batch 39/64: actual=-0.0667 pure=-0.0742
D6 batch 40/64: actual=-0.0358 pure=-0.0423
D6 batch 41/64: actual=-0.1083 pure=-0.1190
D6 batch 42/64: actual=-0.1492 pure=-0.1730
D6 batch 43/64: actual=-0.0053 pure=-0.0109
D6 batch 44/64: actual=-0.0549 pure=-0.0551
D6 batch 45/64: actual=-0.0384 pure=-0.0398
D6 batch 46/64: actual=-0.0106 pure=-0.0144
D6 batch 47/64: actual=-0.0532 pure=-0.0611
D6 batch 48/64: actual=-0.0623 pure=-0.0709
D6 batch 49/64: actual=-0.0335 pure=-0.0378
D6 batch 50/64: actual=-0.0660 pure=-0.0758
D6 batch 51/64: actual=-0.0106 pure=-0.0116
D6 batch 52/64: actual=-0.0851 pure=-0.0973
D6 batch 53/64: actual=-0.0215 pure=-0.0156
D6 batch 54/64: actual=-0.0641 pure=-0.0830
D6 batch 55/64: actual=-0.0935 pure=-0.1113
D6 batch 56/64: actual=-0.0693 pure=-0.0812
D6 batch 57/64: actual=-0.0583 pure=-0.0566
D6 batch 58/64: actual=-0.0261 pure=-0.0402
D6 batch 59/64: actual=-0.0860 pure=-0.0923
D6 batch 60/64: actual=-0.1188 pure=-0.1291
D6 batch 61/64: actual=-0.0521 pure=-0.0585
D6 batch 62/64: actual=-0.0749 pure=-0.0775
D6 batch 63/64: actual=-0.0308 pure=-0.0472
D6 batch 64/64: actual=-0.0284 pure=-0.0162
{
  "case": "A",
  "actual_gate": true,
  "pure_gate": true,
  "action": "GO_R4A_STRONG: true classification-localization conflict survives removal of LQE coupling.",
  "gate_definition": "mean cosine bootstrap 95% upper bound < 0 and negative-batch fraction >= 0.60"
}
D6_STATUS=PASS
